
==================================================
IMDb IMPORT - 21/09/2026, 16:17:38
==================================================

PERSONE
  Letti:       0
  Nuovi:       0
  Aggiornati:  0
  Invariati:   0
  Errori:      0

GENERI
  Letti:       0
  Nuovi:       0
  Aggiornati:  0
  Invariati:   0
  Errori:      0

FILM
  Letti:       0
  Nuovi:       0
  Aggiornati:  0
  Invariati:   0
  Errori:      0

RELAZIONI
  Registi aggiunti: 0
  Attori aggiunti:  0

RISULTATO
  Nuove persone: 0
  Nuovi film:    0
  Nuovi generi:  0

Durata: 0s
==================================================

==================================================
IMDb IMPORT - 21/09/2026, 17:11:10
==================================================

PERSONE
  Letti:       693
  Nuovi:       693
  Aggiornati:  0
  Invariati:   0
  Errori:      0

GENERI
  Letti:       18
  Nuovi:       18
  Aggiornati:  0
  Invariati:   0
  Errori:      0

FILM
  Letti:       100
  Nuovi:       100
  Aggiornati:  0
  Invariati:   0
  Errori:      0

RELAZIONI
  Registi aggiunti: 122
  Attori aggiunti:  727

RISULTATO
  Nuove persone: 693
  Nuovi film:    100
  Nuovi generi:  18

Durata: 2m 1s
==================================================
